// Jest Snapshot v1, https://goo.gl/fbAQLP

exports[`Shipping component QuestionList component looks as expected 1`] = `
<div>
    <h1>Fetching data .....</h1>
</div>
`;
